// Jest Snapshot v1, https://goo.gl/fbAQLP

exports[`Tests the Details page renders a character from selected api 1`] = `
<figure
  aria-label="characterFig"
  class="figure"
  role="figure"
>
  <img
    alt="Rick Sanchez"
    src="https://rickandmortyapi.com/api/character/avatar/1.jpeg"
  />
  <h2>
    Name: 
    Rick Sanchez
  </h2>
  <p>
     Status: 
    Alive
     
  </p>
  <p>
     Species: 
    Human
     
  </p>
  <div>
    <p>
      Location: 
      Earth (Replacement Dimension)
    </p>
  </div>
  <div
    class="episodes"
  >
     Episodes: 
    <p>
      https://rickandmortyapi.com/api/episode/1
    </p>
    <p>
      https://rickandmortyapi.com/api/episode/2
    </p>
    <p>
      https://rickandmortyapi.com/api/episode/3
    </p>
    <p>
      https://rickandmortyapi.com/api/episode/4
    </p>
    <p>
      https://rickandmortyapi.com/api/episode/5
    </p>
    <p>
      https://rickandmortyapi.com/api/episode/6
    </p>
    <p>
      https://rickandmortyapi.com/api/episode/7
    </p>
    <p>
      https://rickandmortyapi.com/api/episode/8
    </p>
    <p>
      https://rickandmortyapi.com/api/episode/9
    </p>
    <p>
      https://rickandmortyapi.com/api/episode/10
    </p>
    <p>
      https://rickandmortyapi.com/api/episode/11
    </p>
    <p>
      https://rickandmortyapi.com/api/episode/12
    </p>
    <p>
      https://rickandmortyapi.com/api/episode/13
    </p>
    <p>
      https://rickandmortyapi.com/api/episode/14
    </p>
    <p>
      https://rickandmortyapi.com/api/episode/15
    </p>
    <p>
      https://rickandmortyapi.com/api/episode/16
    </p>
    <p>
      https://rickandmortyapi.com/api/episode/17
    </p>
    <p>
      https://rickandmortyapi.com/api/episode/18
    </p>
    <p>
      https://rickandmortyapi.com/api/episode/19
    </p>
    <p>
      https://rickandmortyapi.com/api/episode/20
    </p>
    <p>
      https://rickandmortyapi.com/api/episode/21
    </p>
    <p>
      https://rickandmortyapi.com/api/episode/22
    </p>
    <p>
      https://rickandmortyapi.com/api/episode/23
    </p>
    <p>
      https://rickandmortyapi.com/api/episode/24
    </p>
    <p>
      https://rickandmortyapi.com/api/episode/25
    </p>
    <p>
      https://rickandmortyapi.com/api/episode/26
    </p>
    <p>
      https://rickandmortyapi.com/api/episode/27
    </p>
    <p>
      https://rickandmortyapi.com/api/episode/28
    </p>
    <p>
      https://rickandmortyapi.com/api/episode/29
    </p>
    <p>
      https://rickandmortyapi.com/api/episode/30
    </p>
    <p>
      https://rickandmortyapi.com/api/episode/31
    </p>
    <p>
      https://rickandmortyapi.com/api/episode/32
    </p>
    <p>
      https://rickandmortyapi.com/api/episode/33
    </p>
    <p>
      https://rickandmortyapi.com/api/episode/34
    </p>
    <p>
      https://rickandmortyapi.com/api/episode/35
    </p>
    <p>
      https://rickandmortyapi.com/api/episode/36
    </p>
    <p>
      https://rickandmortyapi.com/api/episode/37
    </p>
    <p>
      https://rickandmortyapi.com/api/episode/38
    </p>
    <p>
      https://rickandmortyapi.com/api/episode/39
    </p>
    <p>
      https://rickandmortyapi.com/api/episode/40
    </p>
    <p>
      https://rickandmortyapi.com/api/episode/41
    </p>
     
  </div>
</figure>
`;
